 windows32

 Timestamp is 65f27b32 (Wed Mar 13 23:21:06 2024)

 Preferred load address is 00400000

 Start         Length     Name                   Class
 0001:00000000 00010000H .textbss                DATA
 0002:00000000 000057b3H .text$mn                CODE
 0003:00000000 00000104H .CRT$XCA                DATA
 0003:00000104 00000104H .CRT$XCAA               DATA
 0003:00000208 00000104H .CRT$XCZ                DATA
 0003:0000030c 00000104H .CRT$XIA                DATA
 0003:00000410 00000104H .CRT$XIAA               DATA
 0003:00000514 00000104H .CRT$XIAC               DATA
 0003:00000618 00000104H .CRT$XIZ                DATA
 0003:0000071c 00000104H .CRT$XPA                DATA
 0003:00000820 00000104H .CRT$XPZ                DATA
 0003:00000924 00000104H .CRT$XTA                DATA
 0003:00000a28 00000108H .CRT$XTZ                DATA
 0003:00000b30 00000c0cH .rdata                  DATA
 0003:0000173c 000001acH .rdata$zzzdbg           DATA
 0003:000018e8 00000104H .rtc$IAA                DATA
 0003:000019ec 00000104H .rtc$IMZ                DATA
 0003:00001af0 00000104H .rtc$IZZ                DATA
 0003:00001bf4 00000104H .rtc$TAA                DATA
 0003:00001cf8 00000104H .rtc$TMZ                DATA
 0003:00001dfc 00000104H .rtc$TZZ                DATA
 0003:00001f00 00000169H .xdata$x                DATA
 0003:00002069 00000000H .edata                  DATA
 0004:00000000 00000330H .data                   DATA
 0004:00000330 000006c8H .bss                    DATA
 0005:00000000 000001f8H .idata$5                DATA
 0005:000001f8 00000050H .idata$2                DATA
 0005:00000248 00000014H .idata$3                DATA
 0005:0000025c 000001f8H .idata$4                DATA
 0005:00000454 0000071aH .idata$6                DATA
 0006:00000000 00000104H .00cfg                  DATA
 0007:00000000 000001c0H .rsrc$01                DATA
 0007:000001c0 00000396H .rsrc$02                DATA

  Address         Publics by Value              Rva+Base       Lib:Object

 0000:00000000       ___guard_fids_count        00000000     <absolute>
 0000:00000000       ___guard_iat_table         00000000     <absolute>
 0000:00000000       ___safe_se_handler_count   00000000     <absolute>
 0000:00000000       ___hybrid_code_map         00000000     <absolute>
 0000:00000000       ___guard_longjmp_table     00000000     <absolute>
 0000:00000000       ___guard_iat_count         00000000     <absolute>
 0000:00000000       ___hybrid_code_map_count   00000000     <absolute>
 0000:00000000       ___enclave_config          00000000     <absolute>
 0000:00000000       ___guard_fids_table        00000000     <absolute>
 0000:00000000       ___volatile_metadata       00000000     <absolute>
 0000:00000000       ___dynamic_value_reloc_table 00000000     <absolute>
 0000:00000000       ___guard_longjmp_count     00000000     <absolute>
 0000:00000000       ___safe_se_handler_table   00000000     <absolute>
 0000:00000000       ___hybrid_auxiliary_iat    00000000     <absolute>
 0000:00000100       ___guard_flags             00000100     <absolute>
 0000:00000000       ___ImageBase               00400000     <linker-defined>
 0001:00000000       __enc$textbss$begin        00401000     <linker-defined>
 0001:00010000       __enc$textbss$end          00411000     <linker-defined>
 0002:00000760       _DlgProc@16                00411760 f   framework.obj
 0002:00000940       _WinMain@16                00411940 f   framework.obj
 0002:000009a0       _getInput                  004119a0 f   framework.obj
 0002:00000a70       _showOutput                00411a70 f   framework.obj
 0002:00000ad0       _MainProc                  00411ad0 f   P5_1_Dyson.obj
 0002:00000d50       wtoaproc                   00411d50 f   io.obj
 0002:00000dbd       dtoaproc                   00411dbd f   io.obj
 0002:00000e38       atowproc                   00411e38 f   io.obj
 0002:00000e94       atodproc                   00411e94 f   io.obj
 0002:00000f56       _DialogBoxParamA@20        00411f56 f   user32:USER32.dll
 0002:00000f5c       _EndDialog@8               00411f5c f   user32:USER32.dll
 0002:00000f62       _GetDlgItem@8              00411f62 f   user32:USER32.dll
 0002:00000f68       _SetDlgItemTextA@12        00411f68 f   user32:USER32.dll
 0002:00000f6e       _GetDlgItemTextA@16        00411f6e f   user32:USER32.dll
 0002:00000f74       _GetWindowTextLengthA@4    00411f74 f   user32:USER32.dll
 0002:00000f7a       _MessageBoxA@16            00411f7a f   user32:USER32.dll
 0002:00000f80       ___raise_securityfailure   00411f80 f   MSVCRTD:gs_report.obj
 0002:00000fc0       ___report_gsfailure        00411fc0 f   MSVCRTD:gs_report.obj
 0002:00001110       ___report_rangecheckfailure 00412110 f   MSVCRTD:gs_report.obj
 0002:00001120       ___report_securityfailure  00412120 f   MSVCRTD:gs_report.obj
 0002:00001230       ___report_securityfailureEx 00412230 f   MSVCRTD:gs_report.obj
 0002:000013a0       @_RTC_AllocaHelper@12      004123a0 f   MSVCRTD:stack.obj
 0002:000013e0       @_RTC_CheckStackVars2@12   004123e0 f   MSVCRTD:stack.obj
 0002:00001500       @_RTC_CheckStackVars@8     00412500 f   MSVCRTD:stack.obj
 0002:00001580       __RTC_CheckEsp             00412580 f   MSVCRTD:stack.obj
 0002:000015c0       __CRT_RTC_INIT             004125c0 f   MSVCRTD:init.obj
 0002:000015d0       __CRT_RTC_INITW            004125d0 f   MSVCRTD:init.obj
 0002:000015e0       __RTC_InitBase             004125e0 f   MSVCRTD:init.obj
 0002:00001620       __RTC_Shutdown             00412620 f   MSVCRTD:init.obj
 0002:00001a10       ?configure_argv@__scrt_narrow_argv_policy@@SAHXZ 00412a10 f i MSVCRTD:exe_winmain.obj
 0002:00001a30       ?initialize_environment@__scrt_narrow_environment_policy@@SAHXZ 00412a30 f i MSVCRTD:exe_winmain.obj
 0002:00001a70       ?set_app_type@__scrt_winmain_policy@@SAXXZ 00412a70 f i MSVCRTD:exe_winmain.obj
 0002:00001a90       ?set_commode@__scrt_file_policy@@SAXXZ 00412a90 f i MSVCRTD:exe_winmain.obj
 0002:00001ab0       ?set_fmode@__scrt_file_policy@@SAXXZ 00412ab0 f i MSVCRTD:exe_winmain.obj
 0002:00001ad0       _WinMainCRTStartup         00412ad0 f   MSVCRTD:exe_winmain.obj
 0002:00001b90       ?_RTC_AllocaFailure@@YAXPAXPAU_RTC_ALLOCA_NODE@@H@Z 00412b90 f   MSVCRTD:error.obj
 0002:00001cb0       ?_RTC_Failure@@YAXPAXH@Z   00412cb0 f   MSVCRTD:error.obj
 0002:00001d20       ?_RTC_StackFailure@@YAXPAXPBD@Z 00412d20 f   MSVCRTD:error.obj
 0002:000021d0       __RTC_UninitUse            004131d0 f   MSVCRTD:error.obj
 0002:000022b0       ___local_stdio_printf_options 004132b0 f i MSVCRTD:error.obj
 0002:000022c0       __vsprintf_s_l             004132c0 f i MSVCRTD:error.obj
 0002:00002300       _sprintf_s                 00413300 f i MSVCRTD:error.obj
 0002:00002330       ?_RTC_GetErrorFunc@@YAP6AHHPBDH00ZZPBX@Z 00413330 f   MSVCRTD:userapi.obj
 0002:00002340       ?_RTC_GetErrorFuncW@@YAP6AHHPB_WH00ZZPBX@Z 00413340 f   MSVCRTD:userapi.obj
 0002:00002350       __RTC_GetErrDesc           00413350 f   MSVCRTD:userapi.obj
 0002:00002370       __RTC_NumErrors            00413370 f   MSVCRTD:userapi.obj
 0002:00002380       __RTC_SetErrorFunc         00413380 f   MSVCRTD:userapi.obj
 0002:000023b0       __RTC_SetErrorFuncW        004133b0 f   MSVCRTD:userapi.obj
 0002:000023e0       __RTC_SetErrorType         004133e0 f   MSVCRTD:userapi.obj
 0002:00002410       ??$__crt_fast_decode_pointer@PAP6AXXZ@@YAPAP6AXXZQAP6AXXZ@Z 00413410 f i MSVCRTD:utility.obj
 0002:00002440       ??$__crt_fast_encode_pointer@PAP6AXXZ@@YAPAP6AXXZQAP6AXXZ@Z 00413440 f i MSVCRTD:utility.obj
 0002:00002480       ?__crt_rotate_pointer_value@@YAIIH@Z 00413480 f i MSVCRTD:utility.obj
 0002:000025d0       _NtCurrentTeb              004135d0 f i MSVCRTD:utility.obj
 0002:000025e0       ___scrt_acquire_startup_lock 004135e0 f   MSVCRTD:utility.obj
 0002:00002640       ___scrt_dllmain_after_initialize_c 00413640 f   MSVCRTD:utility.obj
 0002:00002680       ___scrt_dllmain_before_initialize_c 00413680 f   MSVCRTD:utility.obj
 0002:000026b0       ___scrt_dllmain_crt_thread_attach 004136b0 f   MSVCRTD:utility.obj
 0002:000026f0       ___scrt_dllmain_crt_thread_detach 004136f0 f   MSVCRTD:utility.obj
 0002:00002710       ___scrt_dllmain_exception_filter 00413710 f   MSVCRTD:utility.obj
 0002:00002770       ___scrt_dllmain_uninitialize_c 00413770 f   MSVCRTD:utility.obj
 0002:000027b0       ___scrt_dllmain_uninitialize_critical 004137b0 f   MSVCRTD:utility.obj
 0002:000027d0       ___scrt_initialize_crt     004137d0 f   MSVCRTD:utility.obj
 0002:00002830       ___scrt_initialize_onexit_tables 00413830 f   MSVCRTD:utility.obj
 0002:00002950       ___scrt_is_nonwritable_in_current_image 00413950 f   MSVCRTD:utility.obj
 0002:00002ad0       ___scrt_release_startup_lock 00413ad0 f   MSVCRTD:utility.obj
 0002:00002b00       ___scrt_uninitialize_crt   00413b00 f   MSVCRTD:utility.obj
 0002:00002b50       __onexit                   00413b50 f   MSVCRTD:utility.obj
 0002:00002be0       _at_quick_exit             00413be0 f   MSVCRTD:utility.obj
 0002:00002c40       _atexit                    00413c40 f   MSVCRTD:utility.obj
 0002:00002d10       ___security_init_cookie    00413d10 f   MSVCRTD:gs_support.obj
 0002:00002db0       __matherr                  00413db0 f   MSVCRTD:matherr.obj
 0002:00002dc0       __get_startup_argv_mode    00413dc0 f   MSVCRTD:argv_mode.obj
 0002:00002dd0       __get_startup_commit_mode  00413dd0 f   MSVCRTD:commit_mode.obj
 0002:00002de0       __get_startup_file_mode    00413de0 f   MSVCRTD:file_mode.obj
 0002:00002df0       __get_startup_new_mode     00413df0 f   MSVCRTD:new_mode.obj
 0002:00002e00       __get_startup_thread_locale_mode 00413e00 f   MSVCRTD:thread_locale.obj
 0002:00002e10       ?__scrt_initialize_type_info@@YAXXZ 00413e10 f   MSVCRTD:tncleanup.obj
 0002:00002e30       ?__scrt_uninitialize_type_info@@YAXXZ 00413e30 f   MSVCRTD:tncleanup.obj
 0002:00002e50       __should_initialize_environment 00413e50 f   MSVCRTD:env_mode.obj
 0002:00002e60       __initialize_default_precision 00413e60 f   MSVCRTD:default_precision.obj
 0002:00002e90       __initialize_invalid_parameter_handler 00413e90 f   MSVCRTD:invalid_parameter_handler.obj
 0002:00002ea0       __initialize_denormal_control 00413ea0 f   MSVCRTD:denormal_control.obj
 0002:00002eb0       ___local_stdio_scanf_options 00413eb0 f i MSVCRTD:default_local_stdio_options.obj
 0002:00002ec0       ___scrt_initialize_default_local_stdio_options 00413ec0 f   MSVCRTD:default_local_stdio_options.obj
 0002:00002f10       ___scrt_is_user_matherr_present 00413f10 f   MSVCRTD:matherr_detection.obj
 0002:00002f40       ___scrt_get_dyn_tls_init_callback 00413f40 f   MSVCRTD:dyn_tls_init.obj
 0002:00002f50       ___scrt_get_dyn_tls_dtor_callback 00413f50 f   MSVCRTD:dyn_tls_dtor.obj
 0002:00002f60       ___scrt_fastfail           00413f60 f   MSVCRTD:utility_desktop.obj
 0002:000030f0       ___scrt_get_show_window_mode 004140f0 f   MSVCRTD:utility_desktop.obj
 0002:00003140       ___scrt_initialize_mta     00414140 f   MSVCRTD:utility_desktop.obj
 0002:00003150       ___scrt_initialize_winrt   00414150 f   MSVCRTD:utility_desktop.obj
 0002:00003160       ___scrt_is_managed_app     00414160 f   MSVCRTD:utility_desktop.obj
 0002:00003210       ___scrt_set_unhandled_exception_filter 00414210 f   MSVCRTD:utility_desktop.obj
 0002:00003230       ___scrt_exe_initialize_mta 00414230 f   MSVCRTD:utility_desktop.obj
 0002:00003230       ___scrt_stub_for_initialize_mta 00414230 f   MSVCRTD:utility_desktop.obj
 0002:00003240       ___scrt_unhandled_exception_filter@4 00414240 f   MSVCRTD:utility_desktop.obj
 0002:000032c0       __crt_debugger_hook        004142c0 f   MSVCRTD:utility_desktop.obj
 0002:000032e0       __RTC_Initialize           004142e0 f   MSVCRTD:initsect.obj
 0002:00003320       __RTC_Terminate            00414320 f   MSVCRTD:initsect.obj
 0002:00003360       __except_handler4          00414360 f   MSVCRTD:chandler4gs.obj
 0002:00003390       @_guard_check_icall_nop@4  00414390 f i MSVCRTD:guard_support.obj
 0002:000033a0       _ReadNoFence               004143a0 f i MSVCRTD:guard_support.obj
 0002:000033c0       _ReadPointerNoFence        004143c0 f i MSVCRTD:guard_support.obj
 0002:000033e0       __guard_icall_checks_enforced 004143e0 f i MSVCRTD:guard_support.obj
 0002:000039b0       ?_RTC_GetSrcLine@@YAHPAEPA_WKPAH1K@Z 004149b0 f   MSVCRTD:pdblkup.obj
 0002:00003e20       @__security_check_cookie@4 00414e20 f   MSVCRTD:secchk.obj
 0002:00003e40       __except_handler4_noexcept 00414e40 f   MSVCRTD:chandler4_noexcept.obj
 0002:00003ea0       ___isa_available_init      00414ea0 f   MSVCRTD:cpu_disp.obj
 0002:00004230       ___scrt_is_ucrt_dll_in_use 00415230 f   MSVCRTD:ucrt_detection.obj
 0002:0000425d       ___std_type_info_destroy_list 0041525d f   vcruntimed:VCRUNTIME140D.dll
 0002:00004263       _memset                    00415263 f   vcruntimed:VCRUNTIME140D.dll
 0002:00004269       __except_handler4_common   00415269 f   vcruntimed:VCRUNTIME140D.dll
 0002:0000426f       ___vcrt_GetModuleFileNameW 0041526f f   vcruntimed:VCRUNTIME140D.dll
 0002:00004275       ___vcrt_GetModuleHandleW   00415275 f   vcruntimed:VCRUNTIME140D.dll
 0002:0000427b       ___vcrt_LoadLibraryExW     0041527b f   vcruntimed:VCRUNTIME140D.dll
 0002:00004281       _strcpy                    00415281 f   ucrtd:ucrtbased.dll
 0002:00004287       __CrtDbgReport             00415287 f   ucrtd:ucrtbased.dll
 0002:0000428d       __CrtDbgReportW            0041528d f   ucrtd:ucrtbased.dll
 0002:00004293       __seh_filter_exe           00415293 f   ucrtd:ucrtbased.dll
 0002:00004299       __set_app_type             00415299 f   ucrtd:ucrtbased.dll
 0002:0000429f       ___setusermatherr          0041529f f   ucrtd:ucrtbased.dll
 0002:000042a5       __configure_narrow_argv    004152a5 f   ucrtd:ucrtbased.dll
 0002:000042ab       __initialize_narrow_environment 004152ab f   ucrtd:ucrtbased.dll
 0002:000042b1       __get_narrow_winmain_command_line 004152b1 f   ucrtd:ucrtbased.dll
 0002:000042b7       __initterm                 004152b7 f   ucrtd:ucrtbased.dll
 0002:000042bd       __initterm_e               004152bd f   ucrtd:ucrtbased.dll
 0002:000042c3       _exit                      004152c3 f   ucrtd:ucrtbased.dll
 0002:000042c9       __exit                     004152c9 f   ucrtd:ucrtbased.dll
 0002:000042cf       __set_fmode                004152cf f   ucrtd:ucrtbased.dll
 0002:000042d5       __cexit                    004152d5 f   ucrtd:ucrtbased.dll
 0002:000042db       __c_exit                   004152db f   ucrtd:ucrtbased.dll
 0002:000042e1       __register_thread_local_exe_atexit_callback 004152e1 f   ucrtd:ucrtbased.dll
 0002:000042e7       __configthreadlocale       004152e7 f   ucrtd:ucrtbased.dll
 0002:000042ed       __set_new_mode             004152ed f   ucrtd:ucrtbased.dll
 0002:000042f3       ___p__commode              004152f3 f   ucrtd:ucrtbased.dll
 0002:000042f9       _strcpy_s                  004152f9 f   ucrtd:ucrtbased.dll
 0002:000042ff       _strcat_s                  004152ff f   ucrtd:ucrtbased.dll
 0002:00004305       ___stdio_common_vsprintf_s 00415305 f   ucrtd:ucrtbased.dll
 0002:0000430b       __seh_filter_dll           0041530b f   ucrtd:ucrtbased.dll
 0002:00004311       __initialize_onexit_table  00415311 f   ucrtd:ucrtbased.dll
 0002:00004317       __register_onexit_function 00415317 f   ucrtd:ucrtbased.dll
 0002:0000431d       __execute_onexit_table     0041531d f   ucrtd:ucrtbased.dll
 0002:00004323       __crt_atexit               00415323 f   ucrtd:ucrtbased.dll
 0002:00004329       __crt_at_quick_exit        00415329 f   ucrtd:ucrtbased.dll
 0002:0000432f       __controlfp_s              0041532f f   ucrtd:ucrtbased.dll
 0002:00004335       _terminate                 00415335 f   ucrtd:ucrtbased.dll
 0002:0000433b       __wmakepath_s              0041533b f   ucrtd:ucrtbased.dll
 0002:00004341       __wsplitpath_s             00415341 f   ucrtd:ucrtbased.dll
 0002:00004347       _wcscpy_s                  00415347 f   ucrtd:ucrtbased.dll
 0002:0000434d       _UnhandledExceptionFilter@4 0041534d f   kernel32:KERNEL32.dll
 0002:00004353       _SetUnhandledExceptionFilter@4 00415353 f   kernel32:KERNEL32.dll
 0002:00004359       _GetCurrentProcess@0       00415359 f   kernel32:KERNEL32.dll
 0002:0000435f       _TerminateProcess@8        0041535f f   kernel32:KERNEL32.dll
 0002:00004365       _IsProcessorFeaturePresent@4 00415365 f   kernel32:KERNEL32.dll
 0002:0000436b       _IsDebuggerPresent@0       0041536b f   kernel32:KERNEL32.dll
 0002:00004371       _RaiseException@16         00415371 f   kernel32:KERNEL32.dll
 0002:00004377       _MultiByteToWideChar@24    00415377 f   kernel32:KERNEL32.dll
 0002:0000437d       _WideCharToMultiByte@32    0041537d f   kernel32:KERNEL32.dll
 0002:00004383       _QueryPerformanceCounter@4 00415383 f   kernel32:KERNEL32.dll
 0002:00004389       _GetCurrentProcessId@0     00415389 f   kernel32:KERNEL32.dll
 0002:0000438f       _GetCurrentThreadId@0      0041538f f   kernel32:KERNEL32.dll
 0002:00004395       _GetSystemTimeAsFileTime@4 00415395 f   kernel32:KERNEL32.dll
 0002:0000439b       _InitializeSListHead@4     0041539b f   kernel32:KERNEL32.dll
 0002:000043a1       _GetStartupInfoW@4         004153a1 f   kernel32:KERNEL32.dll
 0002:000043a7       _GetModuleHandleW@4        004153a7 f   kernel32:KERNEL32.dll
 0002:000043ad       _GetLastError@0            004153ad f   kernel32:KERNEL32.dll
 0002:000043b3       _HeapAlloc@12              004153b3 f   kernel32:KERNEL32.dll
 0002:000043b9       _HeapFree@12               004153b9 f   kernel32:KERNEL32.dll
 0002:000043bf       _GetProcessHeap@0          004153bf f   kernel32:KERNEL32.dll
 0002:000043c5       _VirtualQuery@12           004153c5 f   kernel32:KERNEL32.dll
 0002:000043cb       _FreeLibrary@4             004153cb f   kernel32:KERNEL32.dll
 0002:000043d1       _GetProcAddress@8          004153d1 f   kernel32:KERNEL32.dll
 0002:000043e0       ___scrt_stub_for_acrt_initialize 004153e0 f   MSVCRTD:ucrt_stubs.obj
 0002:000043e0       ___acrt_initialize         004153e0 f   MSVCRTD:ucrt_stubs.obj
 0002:000043e0       ___vcrt_initialize         004153e0 f   MSVCRTD:ucrt_stubs.obj
 0002:000043f0       ___acrt_thread_attach      004153f0 f   MSVCRTD:ucrt_stubs.obj
 0002:000043f0       ___scrt_stub_for_acrt_thread_attach 004153f0 f   MSVCRTD:ucrt_stubs.obj
 0002:000043f0       ___vcrt_thread_attach      004153f0 f   MSVCRTD:ucrt_stubs.obj
 0002:00004400       ___scrt_stub_for_acrt_thread_detach 00415400 f   MSVCRTD:ucrt_stubs.obj
 0002:00004400       ___acrt_thread_detach      00415400 f   MSVCRTD:ucrt_stubs.obj
 0002:00004400       ___vcrt_thread_detach      00415400 f   MSVCRTD:ucrt_stubs.obj
 0002:00004410       ___scrt_stub_for_acrt_uninitialize 00415410 f   MSVCRTD:ucrt_stubs.obj
 0002:00004410       ___acrt_uninitialize       00415410 f   MSVCRTD:ucrt_stubs.obj
 0002:00004410       ___vcrt_uninitialize       00415410 f   MSVCRTD:ucrt_stubs.obj
 0002:00004420       ___vcrt_uninitialize_critical 00415420 f   MSVCRTD:ucrt_stubs.obj
 0002:00004420       ___scrt_stub_for_acrt_uninitialize_critical 00415420 f   MSVCRTD:ucrt_stubs.obj
 0002:00004420       ___acrt_uninitialize_critical 00415420 f   MSVCRTD:ucrt_stubs.obj
 0002:00004430       __is_c_termination_complete 00415430 f   MSVCRTD:ucrt_stubs.obj
 0002:00004430       ___scrt_stub_for_is_c_termination_complete 00415430 f   MSVCRTD:ucrt_stubs.obj
 0003:00000000       ___xc_a                    00417000     MSVCRTD:initializers.obj
 0003:00000208       ___xc_z                    00417208     MSVCRTD:initializers.obj
 0003:0000030c       ___xi_a                    0041730c     MSVCRTD:initializers.obj
 0003:00000618       ___xi_z                    00417618     MSVCRTD:initializers.obj
 0003:0000071c       ___xp_a                    0041771c     MSVCRTD:initializers.obj
 0003:00000820       ___xp_z                    00417820     MSVCRTD:initializers.obj
 0003:00000924       ___xt_a                    00417924     MSVCRTD:initializers.obj
 0003:00000a28       ___xt_z                    00417a28     MSVCRTD:initializers.obj
 0003:00000b30       ??_C@_00CNPNBAHC@@         00417b30     framework.obj
 0003:00000b34       ??_C@_07KGMMFLDN@Warning@  00417b34     framework.obj
 0003:00000b40       ??_C@_0BA@KGPGJABH@Nothing?5entered@ 00417b40     framework.obj
 0003:00000c20       ??_C@_0NN@NGPKDKPD@The?5value?5of?5ESP?5was?5not?5proper@ 00417c20     MSVCRTD:error.obj
 0003:00000d30       ??_C@_0BBN@GPMLNJCF@A?5cast?5to?5a?5smaller?5data?5type?5h@ 00417d30     MSVCRTD:error.obj
 0003:00000e88       ??_C@_0BN@FFOINMNJ@Stack?5memory?5was?5corrupted?6?$AN@ 00417e88     MSVCRTD:error.obj
 0003:00000eac       ??_C@_0DG@HKJMLLLP@A?5local?5variable?5was?5used?5befor@ 00417eac     MSVCRTD:error.obj
 0003:00000eec       ??_C@_0CM@NGINOKPC@Stack?5memory?5around?5_alloca?5was@ 00417eec     MSVCRTD:error.obj
 0003:00000f20       ??_C@_0BO@GNIAFIKK@Unknown?5Runtime?5Check?5Error?6?$AN@ 00417f20     MSVCRTD:error.obj
 0003:00000f48       ??_C@_1GM@OLMCBDMB@?$AAR?$AAu?$AAn?$AAt?$AAi?$AAm?$AAe?$AA?5?$AAC?$AAh?$AAe?$AAc?$AAk?$AA?5?$AAE@ 00417f48     MSVCRTD:error.obj
 0003:00000fd0       ??_C@_1EA@NFKNIFJP@?$AAR?$AAu?$AAn?$AA?9?$AAT?$AAi?$AAm?$AAe?$AA?5?$AAC?$AAh?$AAe?$AAc?$AAk?$AA?5@ 00417fd0     MSVCRTD:error.obj
 0003:0000101c       ??_C@_0BB@PFFGGCJP@Unknown?5Filename@ 0041801c     MSVCRTD:error.obj
 0003:00001030       ??_C@_0BE@GNBOBNCK@Unknown?5Module?5Name@ 00418030     MSVCRTD:error.obj
 0003:00001048       ??_C@_0CA@IODNCDPG@Run?9Time?5Check?5Failure?5?$CD?$CFd?5?9?5?$CFs@ 00418048     MSVCRTD:error.obj
 0003:00001070       ??_C@_0CG@IAFNJNEE@Stack?5corrupted?5near?5unknown?5va@ 00418070     MSVCRTD:error.obj
 0003:000010a0       ??_C@_05MKKEDADM@?$CF?42X?5@ 004180a0     MSVCRTD:error.obj
 0003:000010a8       ??_C@_0EJ@LJKNEOLN@Stack?5area?5around?5_alloca?5memor@ 004180a8     MSVCRTD:error.obj
 0003:00001100       ??_C@_01EEMJAFIK@?6@       00418100     MSVCRTD:error.obj
 0003:00001104       ??_C@_02LLMPMKNF@?$DO?5@   00418104     MSVCRTD:error.obj
 0003:00001108       ??_C@_08OMAHNMHJ@?6Data?3?5?$DM@ 00418108     MSVCRTD:error.obj
 0003:00001114       ??_C@_0CK@DKGBICFE@?6Allocation?5number?5within?5this?5@ 00418114     MSVCRTD:error.obj
 0003:00001148       ??_C@_07DFDJCKFN@?6Size?3?5@ 00418148     MSVCRTD:error.obj
 0003:00001154       ??_C@_0N@MHFFIMFG@?6Address?3?50x@ 00418154     MSVCRTD:error.obj
 0003:00001168       ??_C@_0EI@CLEPFNGI@Stack?5area?5around?5_alloca?5memor@ 00418168     MSVCRTD:error.obj
 0003:000011c0       ??_C@_0BK@ODNDAGKB@?$CFs?$CFs?$CFp?$CFs?$CFzd?$CFs?$CFd?$CFs?$CFs?$CFs?$CFs?$CFs@ 004181c0     MSVCRTD:error.obj
 0003:000011e0       ??_C@_0DE@OHJBPMBP@A?5variable?5is?5being?5used?5withou@ 004181e0     MSVCRTD:error.obj
 0003:00001238       ??_C@_0BJ@HEGAHDFO@Stack?5pointer?5corruption@ 00418238     MSVCRTD:userapi.obj
 0003:00001258       ??_C@_0CK@FEGOIOPB@Cast?5to?5smaller?5type?5causing?5lo@ 00418258     MSVCRTD:userapi.obj
 0003:0000128c       ??_C@_0BI@CIGMDCBH@Stack?5memory?5corruption@ 0041828c     MSVCRTD:userapi.obj
 0003:000012a8       ??_C@_0CK@CNLNOEPB@Local?5variable?5used?5before?5init@ 004182a8     MSVCRTD:userapi.obj
 0003:000012dc       ??_C@_0BP@OGBCLIBO@Stack?5around?5_alloca?5corrupted@ 004182dc     MSVCRTD:userapi.obj
 0003:00001360       ??_C@_1EI@MLPKHBGE@?$AAa?$AAp?$AAi?$AA?9?$AAm?$AAs?$AA?9?$AAw?$AAi?$AAn?$AA?9?$AAc?$AAo?$AAr?$AAe@ 00418360     MSVCRTD:pdblkup.obj
 0003:000013b8       ??_C@_1BK@JHLNAEJL@?$AAa?$AAd?$AAv?$AAa?$AAp?$AAi?$AA3?$AA2?$AA?4?$AAd?$AAl?$AAl@ 004183b8     MSVCRTD:pdblkup.obj
 0003:000013d8       ??_C@_0O@COHOBMLB@RegOpenKeyExW@ 004183d8     MSVCRTD:pdblkup.obj
 0003:000013e8       ??_C@_0BB@GLNAEDBD@RegQueryValueExW@ 004183e8     MSVCRTD:pdblkup.obj
 0003:000013fc       ??_C@_0M@HLOHPNFA@RegCloseKey@ 004183fc     MSVCRTD:pdblkup.obj
 0003:00001410       ??_C@_1HE@EBEAGLFB@?$AAS?$AAO?$AAF?$AAT?$AAW?$AAA?$AAR?$AAE?$AA?2?$AAW?$AAo?$AAw?$AA6?$AA4?$AA3@ 00418410     MSVCRTD:pdblkup.obj
 0003:0000149c       ??_C@_1BG@EABPBLLF@?$AAP?$AAr?$AAo?$AAd?$AAu?$AAc?$AAt?$AAD?$AAi?$AAr@ 0041849c     MSVCRTD:pdblkup.obj
 0003:000014dc       ??_C@_1BC@JINFINNJ@?$AAM?$AAS?$AAP?$AAD?$AAB?$AA1?$AA4?$AA0@ 004184dc     MSVCRTD:pdblkup.obj
 0003:000014f4       ??_C@_0BB@KCIACLNC@PDBOpenValidate5@ 004184f4     MSVCRTD:pdblkup.obj
 0003:00001508       ??_C@_01KDCPPGHE@r@        00418508     MSVCRTD:pdblkup.obj
 0003:00001548       __load_config_used         00418548     MSVCRTD:loadcfg.obj
 0003:000018e8       ___rtc_iaa                 004188e8     MSVCRTD:initsect.obj
 0003:00001af0       ___rtc_izz                 00418af0     MSVCRTD:initsect.obj
 0003:00001bf4       ___rtc_taa                 00418bf4     MSVCRTD:initsect.obj
 0003:00001dfc       ___rtc_tzz                 00418dfc     MSVCRTD:initsect.obj
 0004:000001f0       ___security_cookie_complement 0041a1f0     MSVCRTD:gs_cookie.obj
 0004:000001f4       ___security_cookie         0041a1f4     MSVCRTD:gs_cookie.obj
 0004:000001fc       ?_RTC_ErrorLevels@@3PAHA   0041a1fc     MSVCRTD:error.obj
 0004:00000214       ___scrt_native_dllmain_reason 0041a214     MSVCRTD:utility.obj
 0004:00000218       ___scrt_default_matherr    0041a218     MSVCRTD:matherr.obj
 0004:0000021c       ___isa_enabled             0041a21c     MSVCRTD:cpu_disp.obj
 0004:00000220       ___scrt_ucrt_dll_is_in_use 0041a220     MSVCRTD:ucrt_stubs.obj
 0004:00000958       ?_OptionsStorage@?1??__local_stdio_printf_options@@9@4_KA 0041a958     MSVCRTD:error.obj
 0004:00000970       ___scrt_current_native_startup_state 0041a970     MSVCRTD:utility.obj
 0004:00000974       ___scrt_native_startup_lock 0041a974     MSVCRTD:utility.obj
 0004:000009a0       ?__type_info_root_node@@3U__type_info_node@@A 0041a9a0     MSVCRTD:tncleanup.obj
 0004:000009b0       ?_OptionsStorage@?1??__local_stdio_scanf_options@@9@4_KA 0041a9b0     MSVCRTD:default_local_stdio_options.obj
 0004:000009bc       ___scrt_debugger_hook_flag 0041a9bc     MSVCRTD:utility_desktop.obj
 0004:000009c8       ___isa_available           0041a9c8     MSVCRTD:cpu_disp.obj
 0004:000009cc       ___favor                   0041a9cc     MSVCRTD:cpu_disp.obj
 0004:000009d4       __hInstance                0041a9d4     <common>
 0004:000009e0       ___dyn_tls_dtor_callback   0041a9e0     <common>
 0004:000009ec       ___dyn_tls_init_callback   0041a9ec     <common>
 0005:00000000       __imp__GetStartupInfoW@4   0041b000     kernel32:KERNEL32.dll
 0005:00000004       __imp__SetUnhandledExceptionFilter@4 0041b004     kernel32:KERNEL32.dll
 0005:00000008       __imp__GetCurrentProcess@0 0041b008     kernel32:KERNEL32.dll
 0005:0000000c       __imp__TerminateProcess@8  0041b00c     kernel32:KERNEL32.dll
 0005:00000010       __imp__IsProcessorFeaturePresent@4 0041b010     kernel32:KERNEL32.dll
 0005:00000014       __imp__IsDebuggerPresent@0 0041b014     kernel32:KERNEL32.dll
 0005:00000018       __imp__RaiseException@16   0041b018     kernel32:KERNEL32.dll
 0005:0000001c       __imp__GetProcAddress@8    0041b01c     kernel32:KERNEL32.dll
 0005:00000020       __imp__FreeLibrary@4       0041b020     kernel32:KERNEL32.dll
 0005:00000024       __imp__VirtualQuery@12     0041b024     kernel32:KERNEL32.dll
 0005:00000028       __imp__GetProcessHeap@0    0041b028     kernel32:KERNEL32.dll
 0005:0000002c       __imp__HeapFree@12         0041b02c     kernel32:KERNEL32.dll
 0005:00000030       __imp__HeapAlloc@12        0041b030     kernel32:KERNEL32.dll
 0005:00000034       __imp__GetLastError@0      0041b034     kernel32:KERNEL32.dll
 0005:00000038       __imp__GetModuleHandleW@4  0041b038     kernel32:KERNEL32.dll
 0005:0000003c       __imp__UnhandledExceptionFilter@4 0041b03c     kernel32:KERNEL32.dll
 0005:00000040       __imp__InitializeSListHead@4 0041b040     kernel32:KERNEL32.dll
 0005:00000044       __imp__GetSystemTimeAsFileTime@4 0041b044     kernel32:KERNEL32.dll
 0005:00000048       __imp__GetCurrentThreadId@0 0041b048     kernel32:KERNEL32.dll
 0005:0000004c       __imp__GetCurrentProcessId@0 0041b04c     kernel32:KERNEL32.dll
 0005:00000050       __imp__QueryPerformanceCounter@4 0041b050     kernel32:KERNEL32.dll
 0005:00000054       __imp__WideCharToMultiByte@32 0041b054     kernel32:KERNEL32.dll
 0005:00000058       __imp__MultiByteToWideChar@24 0041b058     kernel32:KERNEL32.dll
 0005:0000005c       \177KERNEL32_NULL_THUNK_DATA 0041b05c     kernel32:KERNEL32.dll
 0005:00000098       __imp__GetDlgItemTextA@16  0041b098     user32:USER32.dll
 0005:0000009c       __imp__SetDlgItemTextA@12  0041b09c     user32:USER32.dll
 0005:000000a0       __imp__GetDlgItem@8        0041b0a0     user32:USER32.dll
 0005:000000a4       __imp__EndDialog@8         0041b0a4     user32:USER32.dll
 0005:000000a8       __imp__GetWindowTextLengthA@4 0041b0a8     user32:USER32.dll
 0005:000000ac       __imp__MessageBoxA@16      0041b0ac     user32:USER32.dll
 0005:000000b0       __imp__DialogBoxParamA@20  0041b0b0     user32:USER32.dll
 0005:000000b4       \177USER32_NULL_THUNK_DATA 0041b0b4     user32:USER32.dll
 0005:000000e4       __imp____vcrt_GetModuleFileNameW 0041b0e4     vcruntimed:VCRUNTIME140D.dll
 0005:000000e8       __imp____vcrt_GetModuleHandleW 0041b0e8     vcruntimed:VCRUNTIME140D.dll
 0005:000000ec       __imp____vcrt_LoadLibraryExW 0041b0ec     vcruntimed:VCRUNTIME140D.dll
 0005:000000f0       __imp__memset              0041b0f0     vcruntimed:VCRUNTIME140D.dll
 0005:000000f4       __imp___except_handler4_common 0041b0f4     vcruntimed:VCRUNTIME140D.dll
 0005:000000f8       __imp____std_type_info_destroy_list 0041b0f8     vcruntimed:VCRUNTIME140D.dll
 0005:000000fc       \177VCRUNTIME140D_NULL_THUNK_DATA 0041b0fc     vcruntimed:VCRUNTIME140D.dll
 0005:0000012c       __imp___initialize_onexit_table 0041b12c     ucrtd:ucrtbased.dll
 0005:00000130       __imp___register_onexit_function 0041b130     ucrtd:ucrtbased.dll
 0005:00000134       __imp___execute_onexit_table 0041b134     ucrtd:ucrtbased.dll
 0005:00000138       __imp___crt_atexit         0041b138     ucrtd:ucrtbased.dll
 0005:0000013c       __imp___crt_at_quick_exit  0041b13c     ucrtd:ucrtbased.dll
 0005:00000140       __imp___controlfp_s        0041b140     ucrtd:ucrtbased.dll
 0005:00000144       __imp__terminate           0041b144     ucrtd:ucrtbased.dll
 0005:00000148       __imp___wmakepath_s        0041b148     ucrtd:ucrtbased.dll
 0005:0000014c       __imp___wsplitpath_s       0041b14c     ucrtd:ucrtbased.dll
 0005:00000150       __imp__wcscpy_s            0041b150     ucrtd:ucrtbased.dll
 0005:00000154       __imp___c_exit             0041b154     ucrtd:ucrtbased.dll
 0005:00000158       __imp___cexit              0041b158     ucrtd:ucrtbased.dll
 0005:0000015c       __imp__strcat_s            0041b15c     ucrtd:ucrtbased.dll
 0005:00000160       __imp___exit               0041b160     ucrtd:ucrtbased.dll
 0005:00000164       __imp__exit                0041b164     ucrtd:ucrtbased.dll
 0005:00000168       __imp___initterm_e         0041b168     ucrtd:ucrtbased.dll
 0005:0000016c       __imp___initterm           0041b16c     ucrtd:ucrtbased.dll
 0005:00000170       __imp___get_narrow_winmain_command_line 0041b170     ucrtd:ucrtbased.dll
 0005:00000174       __imp___initialize_narrow_environment 0041b174     ucrtd:ucrtbased.dll
 0005:00000178       __imp___configure_narrow_argv 0041b178     ucrtd:ucrtbased.dll
 0005:0000017c       __imp____setusermatherr    0041b17c     ucrtd:ucrtbased.dll
 0005:00000180       __imp___set_app_type       0041b180     ucrtd:ucrtbased.dll
 0005:00000184       __imp___seh_filter_exe     0041b184     ucrtd:ucrtbased.dll
 0005:00000188       __imp___CrtDbgReportW      0041b188     ucrtd:ucrtbased.dll
 0005:0000018c       __imp___CrtDbgReport       0041b18c     ucrtd:ucrtbased.dll
 0005:00000190       __imp__strcpy              0041b190     ucrtd:ucrtbased.dll
 0005:00000194       __imp___seh_filter_dll     0041b194     ucrtd:ucrtbased.dll
 0005:00000198       __imp__strcpy_s            0041b198     ucrtd:ucrtbased.dll
 0005:0000019c       __imp____p__commode        0041b19c     ucrtd:ucrtbased.dll
 0005:000001a0       __imp___set_new_mode       0041b1a0     ucrtd:ucrtbased.dll
 0005:000001a4       __imp___configthreadlocale 0041b1a4     ucrtd:ucrtbased.dll
 0005:000001a8       __imp___set_fmode          0041b1a8     ucrtd:ucrtbased.dll
 0005:000001ac       __imp___register_thread_local_exe_atexit_callback 0041b1ac     ucrtd:ucrtbased.dll
 0005:000001b0       __imp____stdio_common_vsprintf_s 0041b1b0     ucrtd:ucrtbased.dll
 0005:000001b4       \177ucrtbased_NULL_THUNK_DATA 0041b1b4     ucrtd:ucrtbased.dll
 0005:000001f8       __IMPORT_DESCRIPTOR_USER32 0041b1f8     user32:USER32.dll
 0005:0000020c       __IMPORT_DESCRIPTOR_VCRUNTIME140D 0041b20c     vcruntimed:VCRUNTIME140D.dll
 0005:00000220       __IMPORT_DESCRIPTOR_ucrtbased 0041b220     ucrtd:ucrtbased.dll
 0005:00000234       __IMPORT_DESCRIPTOR_KERNEL32 0041b234     kernel32:KERNEL32.dll
 0005:00000248       __NULL_IMPORT_DESCRIPTOR   0041b248     user32:USER32.dll
 0006:00000000       ___guard_check_icall_fptr  0041c000     MSVCRTD:guard_support.obj

 entry point at        0002:0000025d

 Static symbols

 0000:fffe2000       .debug$S                   00400000     kernel32:KERNEL32.dll
 0000:fffe2000       .debug$S                   00400000     ucrtd:ucrtbased.dll
 0000:fffe2000       .debug$S                   00400000     ucrtd:ucrtbased.dll
 0000:fffe2000       .debug$S                   00400000     ucrtd:ucrtbased.dll
 0000:fffe2000       .debug$S                   00400000     ucrtd:ucrtbased.dll
 0000:fffe2000       .debug$S                   00400000     ucrtd:ucrtbased.dll
 0000:fffe2000       .debug$S                   00400000     ucrtd:ucrtbased.dll
 0000:fffe2000       .debug$S                   00400000     kernel32:KERNEL32.dll
 0000:fffe2000       .debug$S                   00400000     vcruntimed:VCRUNTIME140D.dll
 0000:fffe2000       .debug$S                   00400000     ucrtd:ucrtbased.dll
 0000:fffe2000       .debug$S                   00400000     ucrtd:ucrtbased.dll
 0000:fffe2000       .debug$S                   00400000     ucrtd:ucrtbased.dll
 0000:fffe4000       __guard_fids___CRT_RTC_INITW 00400000     MSVCRTD:init.obj
 0000:fffe2000       .debug$S                   00400000     kernel32:KERNEL32.dll
 0000:fffe2000       .debug$S                   00400000     ucrtd:ucrtbased.dll
 0000:fffe2000       .debug$S                   00400000     ucrtd:ucrtbased.dll
 0000:fffe2000       .debug$S                   00400000     kernel32:KERNEL32.dll
 0000:fffe2000       .debug$S                   00400000     kernel32:KERNEL32.dll
 0000:fffe4000       __guard_fids___CRT_RTC_INIT 00400000     MSVCRTD:init.obj
 0000:fffe2000       .debug$S                   00400000     kernel32:KERNEL32.dll
 0000:fffe4000       __guard_fids___guard_icall_checks_enforced 00400000     MSVCRTD:guard_support.obj
 0000:fffe2000       .debug$S                   00400000     user32:USER32.dll
 0000:fffe2000       .debug$S                   00400000     ucrtd:ucrtbased.dll
 0000:fffe2000       .debug$S                   00400000     kernel32:KERNEL32.dll
 0000:fffe2000       .debug$S                   00400000     kernel32:KERNEL32.dll
 0000:fffe2000       .debug$S                   00400000     ucrtd:ucrtbased.dll
 0000:fffe2000       .debug$S                   00400000     user32:USER32.dll
 0000:fffe2000       .debug$S                   00400000     ucrtd:ucrtbased.dll
 0000:fffe2000       .debug$S                   00400000     ucrtd:ucrtbased.dll
 0000:fffe2000       .debug$S                   00400000     ucrtd:ucrtbased.dll
 0000:fffe2000       .debug$S                   00400000     kernel32:KERNEL32.dll
 0000:fffe2000       .debug$S                   00400000     kernel32:KERNEL32.dll
 0000:fffe2000       .debug$S                   00400000     user32:USER32.dll
 0000:fffe2000       .debug$S                   00400000     kernel32:KERNEL32.dll
 0000:fffe4000       __guard_fids__             00400000     MSVCRTD:exe_winmain.obj
 0000:fffe2000       .debug$S                   00400000     kernel32:KERNEL32.dll
 0000:fffe2000       .debug$S                   00400000     ucrtd:ucrtbased.dll
 0000:fffe2000       .debug$S                   00400000     ucrtd:ucrtbased.dll
 0000:fffe2000       .debug$S                   00400000     kernel32:KERNEL32.dll
 0000:fffe2000       .debug$S                   00400000     user32:USER32.dll
 0000:fffe2000       .debug$S                   00400000     user32:USER32.dll
 0000:fffe2000       .debug$S                   00400000     ucrtd:ucrtbased.dll
 0000:fffe2000       .debug$S                   00400000     ucrtd:ucrtbased.dll
 0000:fffe2000       .debug$S                   00400000     kernel32:KERNEL32.dll
 0000:fffe2000       .debug$S                   00400000     ucrtd:ucrtbased.dll
 0000:fffe2000       .debug$S                   00400000     ucrtd:ucrtbased.dll
 0000:fffe2000       .debug$S                   00400000     ucrtd:ucrtbased.dll
 0000:fffe4000       __guard_fids____scrt_set_unhandled_exception_filter 00400000     MSVCRTD:utility_desktop.obj
 0000:fffe2000       .debug$S                   00400000     vcruntimed:VCRUNTIME140D.dll
 0000:fffe2000       .debug$S                   00400000     vcruntimed:VCRUNTIME140D.dll
 0000:fffe2000       .debug$S                   00400000     vcruntimed:VCRUNTIME140D.dll
 0000:fffe2000       .debug$S                   00400000     kernel32:KERNEL32.dll
 0000:fffe4000       __guard_fids___except_handler4 00400000     MSVCRTD:chandler4gs.obj
 0000:fffe2000       .debug$S                   00400000     kernel32:KERNEL32.dll
 0000:fffe2000       .debug$S                   00400000     ucrtd:ucrtbased.dll
 0000:fffe2000       .debug$S                   00400000     ucrtd:ucrtbased.dll
 0000:fffe4000       __guard_fids__             00400000     MSVCRTD:guard_support.obj
 0000:fffe2000       .debug$S                   00400000     kernel32:KERNEL32.dll
 0000:fffe2000       .debug$S                   00400000     user32:USER32.dll
 0000:fffe2000       .debug$S                   00400000     kernel32:KERNEL32.dll
 0000:fffe2000       .debug$S                   00400000     kernel32:KERNEL32.dll
 0000:fffe2000       .debug$S                   00400000     ucrtd:ucrtbased.dll
 0000:fffe2000       .debug$S                   00400000     ucrtd:ucrtbased.dll
 0000:fffe2000       .debug$S                   00400000     kernel32:KERNEL32.dll
 0000:fffe2000       .debug$S                   00400000     ucrtd:ucrtbased.dll
 0000:fffe2000       .debug$S                   00400000     kernel32:KERNEL32.dll
 0000:fffe2000       .debug$S                   00400000     ucrtd:ucrtbased.dll
 0000:fffe4000       __guard_fids_?pre_c_initialization@@YAHXZ 00400000     MSVCRTD:exe_winmain.obj
 0000:fffe2000       .debug$S                   00400000     vcruntimed:VCRUNTIME140D.dll
 0000:fffe2000       .debug$S                   00400000     ucrtd:ucrtbased.dll
 0000:fffe2000       .debug$S                   00400000     vcruntimed:VCRUNTIME140D.dll
 0000:fffe2000       .debug$S                   00400000     ucrtd:ucrtbased.dll
 0000:fffe2000       .debug$S                   00400000     ucrtd:ucrtbased.dll
 0000:fffe2000       .debug$S                   00400000     ucrtd:ucrtbased.dll
 0000:fffe2000       .debug$S                   00400000     ucrtd:ucrtbased.dll
 0000:fffe2000       .debug$S                   00400000     user32:USER32.dll
 0000:fffe2000       .debug$S                   00400000     kernel32:KERNEL32.dll
 0000:fffe2000       .debug$S                   00400000     kernel32:KERNEL32.dll
 0000:fffe4004       __guard_fids__             00400004     MSVCRTD:exe_winmain.obj
 0000:fffe4008       __guard_fids__             00400008     MSVCRTD:exe_winmain.obj
 0002:00000ad0       $$000000                   00411ad0     P5_1_Dyson.obj
 0002:00000d50       $$000000                   00411d50     io.obj
 0002:00001640       ?pre_c_initialization@@YAHXZ 00412640 f   MSVCRTD:exe_winmain.obj
 0002:00001720       ?post_pgo_initialization@@YAHXZ 00412720 f   MSVCRTD:exe_winmain.obj
 0002:00001730       ?pre_cpp_initialization@@YAXXZ 00412730 f   MSVCRTD:exe_winmain.obj
 0002:00001750       ?__scrt_common_main@@YAHXZ 00412750 f   MSVCRTD:exe_winmain.obj
 0002:00001770       ?__scrt_common_main_seh@@YAHXZ 00412770 f   MSVCRTD:exe_winmain.obj
 0002:00001a40       ?invoke_main@@YAHXZ        00412a40 f   MSVCRTD:exe_winmain.obj
 0002:00001ae0       ?DebuggerProbe@@YA_NK@Z    00412ae0 f   MSVCRTD:error.obj
 0002:00001b30       ?DebuggerRuntime@@YA_NKHPAXPB_W@Z 00412b30 f   MSVCRTD:error.obj
 0002:00001e00       ?_getMemBlockDataString@@YAXPAD0PBDI@Z 00412e00 f   MSVCRTD:error.obj
 0002:00001e90       ?_strlen_priv@@YAIPBD@Z    00412e90 f   MSVCRTD:error.obj
 0002:00001eb0       ?failwithmessage@@YAXPAXHHPBD@Z 00412eb0 f   MSVCRTD:error.obj
 0002:00002130       ?notify_debugger@@YAXABUtagEXCEPTION_VISUALCPP_DEBUG_INFO@@@Z 00413130 f   MSVCRTD:error.obj
 0002:00002490       ?find_pe_section@@YAPAU_IMAGE_SECTION_HEADER@@QAEI@Z 00413490 f   MSVCRTD:utility.obj
 0002:00002540       ?is_potentially_valid_image_base@@YA_NQAX@Z 00413540 f   MSVCRTD:utility.obj
 0002:00002c80       ___get_entropy             00413c80 f   MSVCRTD:gs_support.obj
 0002:00003420       ?GetPdbDll@@YAPAUHINSTANCE__@@XZ 00414420 f   MSVCRTD:pdblkup.obj
 0002:000035b0       ?GetPdbDllFromInstallPath@@YAPAUHINSTANCE__@@XZ 004145b0 f   MSVCRTD:pdblkup.obj
 0002:000038a0       ?GetPdbDllPathFromFilePath@@YAHPB_WPA_WI@Z 004148a0 f   MSVCRTD:pdblkup.obj
 0003:00000104       ?pre_cpp_initializer@@3P6AXXZA 00417104     MSVCRTD:exe_winmain.obj
 0003:00000410       ?pre_c_initializer@@3P6AHXZA 00417410     MSVCRTD:exe_winmain.obj
 0003:00000514       ?post_pgo_initializer@@3P6AHXZA 00417514     MSVCRTD:exe_winmain.obj
 0003:00000b54       _GS_ExceptionPointers      00417b54     MSVCRTD:gs_report.obj
 0003:00000b60       ?_RTC_ErrorMessages@@3QBQBDB 00417b60     MSVCRTD:error.obj
 0003:00000b78       ?_RTC_NoFalsePositives@@3QBHB 00417b78     MSVCRTD:error.obj
 0003:00000b90       ?stack_premsg@@3QBDB       00417b90     MSVCRTD:error.obj
 0003:00000bac       ?stack_postmsg@@3QBDB      00417bac     MSVCRTD:error.obj
 0003:00000bc0       ?uninit_premsg@@3QBDB      00417bc0     MSVCRTD:error.obj
 0003:00000bd0       ?uninit_postmsg@@3QBDB     00417bd0     MSVCRTD:error.obj
 0003:00001220       ?_RTC_errlist@@3QBQBDB     00418220     MSVCRTD:userapi.obj
 0003:00001304       ?mspdbName@@3QB_WB         00418304     MSVCRTD:pdblkup.obj
 0003:00001328       ?debugCrtFileName@@3QB_WB  00418328     MSVCRTD:pdblkup.obj
 0003:000014b8       ?dllExt@?1??GetPdbDllPathFromFilePath@@YAHPB_WPA_WI@Z@4QB_WB 004184b8     MSVCRTD:pdblkup.obj
 0003:000014c4       ?mspdbFilename@?1??GetPdbDllPathFromFilePath@@YAHPB_WPA_WI@Z@4QB_WB 004184c4     MSVCRTD:pdblkup.obj
 0003:000019ec       __RTC_InitBase.rtc$IMZ     004189ec     framework.obj
 0003:00001cf8       __RTC_Shutdown.rtc$TMZ     00418cf8     framework.obj
 0003:00001f00       __sehtable$?__scrt_common_main_seh@@YAHXZ 00418f00     MSVCRTD:exe_winmain.obj
 0003:00001f20       __sehtable$?notify_debugger@@YAXABUtagEXCEPTION_VISUALCPP_DEBUG_INFO@@@Z 00418f20     MSVCRTD:error.obj
 0003:00001f40       __sehtable$___scrt_is_nonwritable_in_current_image 00418f40     MSVCRTD:utility.obj
 0004:00000000       prompt1                    0041a000     P5_1_Dyson.obj
 0004:0000000e       prompt2                    0041a00e     P5_1_Dyson.obj
 0004:0000001d       prompt3                    0041a01d     P5_1_Dyson.obj
 0004:0000002b       prompt4                    0041a02b     P5_1_Dyson.obj
 0004:0000003a       prompt5                    0041a03a     P5_1_Dyson.obj
 0004:00000048       prompt6                    0041a048     P5_1_Dyson.obj
 0004:00000057       prompt7                    0041a057     P5_1_Dyson.obj
 0004:00000065       prompt8                    0041a065     P5_1_Dyson.obj
 0004:00000074       result                     0041a074     P5_1_Dyson.obj
 0004:00000082       string                     0041a082     P5_1_Dyson.obj
 0004:00000096       result2                    0041a096     P5_1_Dyson.obj
 0004:000000ab       sum                        0041a0ab     P5_1_Dyson.obj
 0004:000000b7       result3                    0041a0b7     P5_1_Dyson.obj
 0004:000000c7       avg                        0041a0c7     P5_1_Dyson.obj
 0004:000000d3       grade1                     0041a0d3     P5_1_Dyson.obj
 0004:00000103       grade2                     0041a103     P5_1_Dyson.obj
 0004:00000133       grade3                     0041a133     P5_1_Dyson.obj
 0004:00000163       grade4                     0041a163     P5_1_Dyson.obj
 0004:00000330       _buf                       0041a330     framework.obj
 0004:00000430       _inputLabel                0041a430     framework.obj
 0004:00000598       _GS_ExceptionRecord        0041a598     MSVCRTD:gs_report.obj
 0004:000005e8       _GS_ContextRecord          0041a5e8     MSVCRTD:gs_report.obj
 0004:00000953       ?init@?1??_RTC_InitBase@@9@4_NA 0041a953     MSVCRTD:init.obj
 0004:00000964       ?_RTC_ErrorReportFunc@@3P6AHHPBDH00ZZA 0041a964     MSVCRTD:userapi.obj
 0004:00000968       ?_RTC_ErrorReportFuncW@@3P6AHHPB_WH00ZZA 0041a968     MSVCRTD:userapi.obj
 0004:00000978       ?is_initialized_as_dll@@3_NA 0041a978     MSVCRTD:utility.obj
 0004:00000979       ?module_local_atexit_table_initialized@@3_NA 0041a979     MSVCRTD:utility.obj
 0004:0000097c       ?module_local_atexit_table@@3U_onexit_table_t@@A 0041a97c     MSVCRTD:utility.obj
 0004:00000988       ?module_local_at_quick_exit_table@@3U_onexit_table_t@@A 0041a988     MSVCRTD:utility.obj
 0004:000009c0       ?mspdb@@3PAUHINSTANCE__@@A 0041a9c0     MSVCRTD:pdblkup.obj
 0004:000009c4       ?alreadyTried@?1??GetPdbDll@@YAPAUHINSTANCE__@@XZ@4_NA 0041a9c4     MSVCRTD:pdblkup.obj
 0004:000009c5       ?PDBOK@?1??_RTC_GetSrcLine@@YAHPAEPA_WKPAH1K@Z@4_NA 0041a9c5     MSVCRTD:pdblkup.obj
 0005:000004ca       .idata$6                   0041b4ca     user32:USER32.dll
 0005:00000568       .idata$6                   0041b568     vcruntimed:VCRUNTIME140D.dll
 0005:000007ee       .idata$6                   0041b7ee     ucrtd:ucrtbased.dll
 0005:000009d2       .idata$6                   0041b9d2     kernel32:KERNEL32.dll
 0007:000001c0       $R000000                   0041d1c0     framework.res
 0007:00000268       $R0000A8                   0041d268     framework.res
