Microsoft (R) Macro Assembler Version 14.16.27051.0	    03/10/24 16:59:58
P3_3_Dyson.asm						     Page 1 - 1


				; Author:                 Kirby Dyson
				; Assignment Title:       P3_3, Subtract Two Values
				; Assignment Description: calculate the difference of two numerical values

				; Due Date:               2/20/2024
				; Date Created:           2/17/2024
				; Date Last Modified:     2/19/2024

				.586                                     ; specify 32 bit processor
				.MODEL FLAT                              ; specify memory model as flat

				INCLUDE io.h                             ; header file for input/output
			      C ; IO.H -- header file for I/O macros (listing suppressed)
			      C .NOLIST      ; turn off listing
			      C .LIST        ; begin listing
			      C 

				.STACK 4096                              ; set the size to 4096 bytes

 00000000			.DATA
 00000000 45 6E 74 65 72	prompt1 BYTE    "Enter first number", 0  ; message to get the first value
	   20 66 69 72 73
	   74 20 6E 75 6D
	   62 65 72 00
 00000013 45 6E 74 65 72	prompt2 BYTE    "Enter second number", 0 ; message to get the second value
	   20 73 65 63 6F
	   6E 64 20 6E 75
	   6D 62 65 72 00
 00000027  00000014 [		string  BYTE    20 DUP (?)               ; buffer to store the input
	    00
	   ]
 0000003B 54 68 65 20 64	result  BYTE    "The difference is", 0   ; message for displaying the result
	   69 66 66 65 72
	   65 6E 63 65 20
	   69 73 00
 0000004D  0000000B [		diff    BYTE    11 DUP (?), 0            ; buffer to store the difference
	    00
	   ] 00

 00000000			.CODE
 00000000			_MainProc PROC
				        input   prompt1, string, 20      ; prompt user for first value
				        atod    string                   ; convert user input to numeric value
 0000002D  8B D8		        mov     ebx, eax                 ; store first value in scratch

				        input   prompt2, string, 20      ; prompt user for second value
				        atod    string                   ; convert user input to numeric value
 0000005C  2B D8		        sub     ebx, eax                 ; subtract first from second value
				        
				        dtoa    diff, ebx                ; convert difference to ASCII
				        output  result, diff             ; display results to stdout

 0000008F  2B DB		        sub     ebx, ebx                 ; exit with return code 0
 00000091  C3			        ret                              ; return to calling code
 00000092			_MainProc ENDP
				END                                      ; end of source code

Microsoft (R) Macro Assembler Version 14.16.27051.0	    03/10/24 16:59:58
P3_3_Dyson.asm						     Symbols 2 - 1




Macros:

                N a m e                 Type

atod . . . . . . . . . . . . . .	Proc
atow . . . . . . . . . . . . . .	Proc
dtoa . . . . . . . . . . . . . .	Proc
input  . . . . . . . . . . . . .	Proc
output . . . . . . . . . . . . .	Proc
wtoa . . . . . . . . . . . . . .	Proc


Segments and Groups:

                N a m e                 Size     Length   Align   Combine Class

FLAT . . . . . . . . . . . . . .	GROUP
STACK  . . . . . . . . . . . . .	32 Bit	 00001000 Para	  Stack	  'STACK'	 
_DATA  . . . . . . . . . . . . .	32 Bit	 00000059 Para	  Public  'DATA'	
_TEXT  . . . . . . . . . . . . .	32 Bit	 00000092 Para	  Public  'CODE'	


Procedures, parameters, and locals:

                N a m e                 Type     Value    Attr

_MainProc  . . . . . . . . . . .	P Near	 00000000 _TEXT	Length= 00000092 Public


Symbols:

                N a m e                 Type     Value    Attr

@CodeSize  . . . . . . . . . . .	Number	 00000000h   
@DataSize  . . . . . . . . . . .	Number	 00000000h   
@Interface . . . . . . . . . . .	Number	 00000000h   
@Model . . . . . . . . . . . . .	Number	 00000007h   
@code  . . . . . . . . . . . . .	Text   	 _TEXT
@data  . . . . . . . . . . . . .	Text   	 FLAT
@fardata?  . . . . . . . . . . .	Text   	 FLAT
@fardata . . . . . . . . . . . .	Text   	 FLAT
@stack . . . . . . . . . . . . .	Text   	 FLAT
_getInput  . . . . . . . . . . .	L Near	 00000000 FLAT	External
_showOutput  . . . . . . . . . .	L Near	 00000000 FLAT	External
atodproc . . . . . . . . . . . .	L Near	 00000000 FLAT	External
atowproc . . . . . . . . . . . .	L Near	 00000000 FLAT	External
diff . . . . . . . . . . . . . .	Byte	 0000004D _DATA	
dtoaproc . . . . . . . . . . . .	L Near	 00000000 FLAT	External
prompt1  . . . . . . . . . . . .	Byte	 00000000 _DATA	
prompt2  . . . . . . . . . . . .	Byte	 00000013 _DATA	
result . . . . . . . . . . . . .	Byte	 0000003B _DATA	
string . . . . . . . . . . . . .	Byte	 00000027 _DATA	
wtoaproc . . . . . . . . . . . .	L Near	 00000000 FLAT	External

	   0 Warnings
	   0 Errors
